Inter3D: BOP Done. InterfFF count: 1
  Inter3D: Added edge 000001F804402BD0 to L1/L2
    V1=(7.07107e+06,-1,7.07107e+06)
    V2=(-18.181,-1,-16.51)
Inter3D: BOP Done. InterfFF count: 1
  Inter3D: Added edge 000001F80442DBF0 to L1/L2
    V1=(2.18507e+06,6.72501e+06,7.07107e+06)
    V2=(-20.389,2.03898,-16.51)
Inter3D: BOP Done. InterfFF count: 1
  Inter3D: Added edge 000001F80443ABE0 to L1/L2
    V1=(-23.4826,18.2566,0)
    V2=(-3.71315,-8.95377,0)
Inter3D: Using PerformPlanes for F1=000000D384DFC748 F2=000000D384DFC718
PerformPlanes: F1/F2 intersected. IsDone=1 NbCurves=1
Inter3D: Using PerformPlanes for F1=000000D384DFC748 F2=000000D384DFC718
PerformPlanes: F1/F2 intersected. IsDone=1 NbCurves=1
Inter3D: BOP Done. InterfFF count: 0
  WARNING: SAVING FAILED FACES to d:/failed_face_f1.brep and f2.brep
  F1 Type: Geom_RectangularTrimmedSurface UV: 0, 1.25664, 0, 7.07107
    Basis F1: Geom_ConicalSurface
  F2 Type: Geom_Plane UV: -1e+07, 1e+07, -1e+07, 1e+07
Inter3D: BOP Done. InterfFF count: 1
Inter3D: BOP Done. InterfFF count: 1
--- UpdateVEmap: Starting vertex analysis (4 vertices)
  v1=(4.2826021432,-1.0000000000,5.7173978568)
  v2=(-1.4411353366,-0.9999999548,0.0000000000)
  v3=(9.9833287011,-1.0000000000,0.0000000000)
  v4=(10.0000000000,-1.0000000000,0.0000000000)
  Dist v3 to v4: 0.0166712989
--- UpdateVEmap: GEOMETRICALLY MERGED cluster of v3 and v4 (dist: 0.0166712989)
--- SelectEdge at vertex (-1.44114,-1,0) LE count: 2
  Pool edge: 000001F8044220E0 V1=(4.2826,-1,5.7174) V2=(-1.44114,-1,0)
  Pool edge: 000001F804421F90 V1=(9.99166,-1,0) V2=(-1.44114,-1,0)
  Checking edge: 000001F804421F90 [TOPOLOGICALLY CONNECTED]
--- SelectEdge at vertex (9.99166,-1,0) LE count: 2
  Pool edge: 000001F804422CB0 V1=(9.99166,-1,0) V2=(4.2826,-1,5.7174)
  Pool edge: 000001F8044215F0 V1=(9.99166,-1,0) V2=(-1.44114,-1,0)
  Checking edge: 000001F804422CB0 [TOPOLOGICALLY CONNECTED]
--- SelectEdge at vertex (4.2826,-1,5.7174) LE count: 1
  Pool edge: 000001F804421580 V1=(9.99166,-1,0) V2=(4.2826,-1,5.7174)
--- UpdateVEmap: Starting vertex analysis (6 vertices)
  v1=(4.2826021432,-1.0000000000,5.7173978568)
  v2=(-1.4411353366,-0.9999999548,0.0000000000)
  v3=(-13.4473197864,23.4031439953,5.7173978568)
  v4=(-15.2160519285,17.9595461623,0.0000000000)
  v5=(4.2723023523,-0.9999997284,5.7071067812)
  v6=(-13.4505026111,23.3933483044,5.7071067812)
  Dist v1 to v5: 0.0145599426
  Dist v3 to v6: 0.0145599509
--- SelectEdge at vertex (-13.4489,23.3982,5.71225) LE count: 2
  Pool edge: 000001F804422700 V1=(-13.4489,23.3982,5.71225) V2=(-15.2161,17.9595,0)
  Pool edge: 000001F8044228C0 V1=(4.27745,-1,5.71225) V2=(-13.4489,23.3982,5.71225)
  Checking edge: 000001F804422700 [TOPOLOGICALLY CONNECTED]
--- SelectEdge at vertex (-15.2161,17.9595,0) LE count: 2
  Pool edge: 000001F804422070 V1=(-15.2161,17.9595,0) V2=(-1.44114,-1,0)
  Pool edge: 000001F8044217B0 V1=(-13.4489,23.3982,5.71225) V2=(-15.2161,17.9595,0)
  Checking edge: 000001F804422070 [TOPOLOGICALLY CONNECTED]
--- SelectEdge at vertex (-1.44114,-1,0) LE count: 2
  Pool edge: 000001F804421EB0 V1=(4.27745,-1,5.71225) V2=(-1.44114,-1,0)
  Pool edge: 000001F804421B30 V1=(-15.2161,17.9595,0) V2=(-1.44114,-1,0)
  Checking edge: 000001F804421EB0 [TOPOLOGICALLY CONNECTED]
--- SelectEdge at vertex (4.27745,-1,5.71225) LE count: 1
  Pool edge: 000001F804421740 V1=(4.27745,-1,5.71225) V2=(-1.44114,-1,0)
--- UpdateVEmap: Starting vertex analysis (4 vertices)
  v1=(-13.4489111987,23.3982461499,5.7122523190)
  v2=(-15.2160519285,17.9595461623,0.0000000000)
  v3=(-11.6856983997,28.8248571358,0.0000000000)
  v4=(-11.6805466850,28.8407124832,0.0000000000)
  Dist v3 to v4: 0.0166712989
--- UpdateVEmap: GEOMETRICALLY MERGED cluster of v3 and v4 (dist: 0.0166712989)
--- SelectEdge at vertex (-15.2161,17.9595,0) LE count: 2
  Pool edge: 000001F804422000 V1=(-13.4489,23.3982,5.71225) V2=(-15.2161,17.9595,0)
  Pool edge: 000001F804424370 V1=(-11.6831,28.8328,0) V2=(-15.2161,17.9595,0)
  Checking edge: 000001F804424370 [TOPOLOGICALLY CONNECTED]
--- SelectEdge at vertex (-11.6831,28.8328,0) LE count: 2
  Pool edge: 000001F8044227E0 V1=(-11.6831,28.8328,0) V2=(-13.4489,23.3982,5.71225)
  Pool edge: 000001F804422850 V1=(-11.6831,28.8328,0) V2=(-15.2161,17.9595,0)
  Checking edge: 000001F8044227E0 [TOPOLOGICALLY CONNECTED]
--- SelectEdge at vertex (-13.4489,23.3982,5.71225) LE count: 1
  Pool edge: 000001F8044220E0 V1=(-11.6831,28.8328,0) V2=(-13.4489,23.3982,5.71225)
--- UpdateVEmap: Starting vertex analysis (8 vertices)
  v1=(0.0000000000,0.0000000000,-0.0000000000)
  v2=(-13.8196601125,19.0211303259,-0.0000000000)
  v3=(10.0000000000,0.0000000000,0.0000000000)
  v4=(-10.7294901688,28.5316954889,0.0000000000)
  v5=(-15.2160519285,17.9595461623,0.0000000000)
  v6=(-1.4411353366,-0.9999999548,0.0000000000)
  v7=(9.9916643506,-1.0000000000,0.0000000000)
  v8=(-11.6831225424,28.8327848095,0.0000000000)
--- SelectEdge at vertex (10,0,0) LE count: 1
  Pool edge: 000001F804404C30 V1=(0,0,-8.88178e-16) V2=(10,0,0)
--- SelectEdge at vertex (0,0,-8.88178e-16) LE count: 1
  Pool edge: 000001F804405090 V1=(0,0,-8.88178e-16) V2=(-13.8197,19.0211,-8.88178e-16)
--- SelectEdge at vertex (-13.8197,19.0211,-8.88178e-16) LE count: 1
  Pool edge: 000001F804405170 V1=(-13.8197,19.0211,-8.88178e-16) V2=(-10.7295,28.5317,0)
--- SelectEdge at vertex (9.99166,-1,0) LE count: 2
  Pool edge: 000001F804404D80 V1=(9.99166,-1,0) V2=(-10.7295,28.5317,0)
  Pool edge: 000001F8044048B0 V1=(9.99166,-1,0) V2=(-1.44114,-1,0)
  Checking edge: 000001F8044048B0 [TOPOLOGICALLY CONNECTED]
--- SelectEdge at vertex (-1.44114,-1,0) LE count: 2
  Pool edge: 000001F804404370 V1=(-15.2161,17.9595,0) V2=(-1.44114,-1,0)
  Pool edge: 000001F804404E60 V1=(9.99166,-1,0) V2=(-1.44114,-1,0)
  Checking edge: 000001F804404370 [TOPOLOGICALLY CONNECTED]
--- SelectEdge at vertex (-15.2161,17.9595,0) LE count: 2
  Pool edge: 000001F804403EA0 V1=(-15.2161,17.9595,0) V2=(-1.44114,-1,0)
  Pool edge: 000001F8044046F0 V1=(-11.6831,28.8328,0) V2=(-15.2161,17.9595,0)
  Checking edge: 000001F8044046F0 [TOPOLOGICALLY CONNECTED]
--- SelectEdge at vertex (-11.6831,28.8328,0) LE count: 2
  Pool edge: 000001F804403CE0 V1=(-10.7295,28.5317,0) V2=(-11.6831,28.8328,0)
  Pool edge: 000001F804404DF0 V1=(-11.6831,28.8328,0) V2=(-15.2161,17.9595,0)
  Checking edge: 000001F804403CE0 [TOPOLOGICALLY CONNECTED]
--- SelectEdge at vertex (-10.7295,28.5317,0) LE count: 1
  Pool edge: 000001F804404060 V1=(-10.7295,28.5317,0) V2=(-11.6831,28.8328,0)
--- UpdateVEmap: Starting vertex analysis (6 vertices)
  v1=(10.0000000000,0.0000000000,0.0000000000)
  v2=(5.0000000000,0.0000000000,5.0000000000)
  v3=(-12.2745751406,23.7764129074,5.0000000000)
  v4=(-10.7294901688,28.5316954889,0.0000000000)
  v5=(-11.6831225424,28.8327848095,0.0000000000)
  v6=(9.9916643506,-1.0000000000,0.0000000000)
--- SelectEdge at vertex (5,0,5) LE count: 2
  Pool edge: 000001F804403EA0 V1=(10,0,0) V2=(5,0,5)
  Pool edge: 000001F804403F10 V1=(5,0,5) V2=(-12.2746,23.7764,5)
  Checking edge: 000001F804403F10 [TOPOLOGICALLY CONNECTED]
--- SelectEdge at vertex (-12.2746,23.7764,5) LE count: 2
  Pool edge: 000001F804404060 V1=(5,0,5) V2=(-12.2746,23.7764,5)
  Pool edge: 000001F804404610 V1=(-10.7295,28.5317,0) V2=(-12.2746,23.7764,5)
  Checking edge: 000001F804404610 [TOPOLOGICALLY CONNECTED]
--- SelectEdge at vertex (-10.7295,28.5317,0) LE count: 3
  Pool edge: 000001F8044045A0 V1=(-10.7295,28.5317,0) V2=(-12.2746,23.7764,5)
  Pool edge: 000001F804404FB0 V1=(-10.7295,28.5317,0) V2=(-11.6831,28.8328,0)
  Pool edge: 000001F804402070 V1=(9.99166,-1,0) V2=(-10.7295,28.5317,0)
  Checking edge: 000001F804404FB0 [TOPOLOGICALLY CONNECTED]
  Checking edge: 000001F804402070 [TOPOLOGICALLY CONNECTED]
--- SelectEdge at vertex (-11.6831,28.8328,0) LE count: 1
  Pool edge: 000001F804405560 V1=(-10.7295,28.5317,0) V2=(-11.6831,28.8328,0)
--- SelectEdge at vertex (-10.7295,28.5317,0) LE count: 1
  Pool edge: 000001F804402070 V1=(9.99166,-1,0) V2=(-10.7295,28.5317,0)
